{
  "csv_hash": "121af74e644fe3ff647a52cb638844f56fc3ac337fef336549eacb207dbd759c",
  "png_hash": "02ceae783b5df8466d4d04b0b0d7d877c1534565fabe1b1b933134fa91d518e8",
  "config": {
    "system": {
      "N": 5,
      "T": 20.0,
      "dt": 0.05,
      "seed": 42
    },
    "spiral": {
      "phi": 1.618,
      "epsilon": 0.03,
      "omega": 0.08,
      "theta": 0.0
    },
    "strates": {
      "A0": [
        0.7621780831931537,
        1.1655000144869412,
        1.0123957592679835,
        0.9190609389379256,
        0.6092130483097056
      ],
      "f0": [
        0.3183923284706837,
        0.18131705703547923,
        1.3126466040849092,
        0.9415610164404923,
        1.0913016089144636
      ],
      "alpha": [
        0.4,
        0.4,
        0.4,
        0.4,
        0.4
      ],
      "beta": [
        0.052058449429580246,
        0.14699098521619944,
        0.13324426408004217,
        0.07123391106782762,
        0.06818249672071006
      ],
      "k": [
        2.5,
        2.5,
        2.5,
        2.5,
        2.5
      ],
      "x0": [
        0.5,
        0.5,
        0.5,
        0.5,
        0.5
      ],
      "w": [
        0.05,
        0.05,
        0.05,
        0.05,
        0.05
      ]
    },
    "lambda": 0.8,
    "to_calibrate": [
      "variance_d2S",
      "entropy_S",
      "gamma_n",
      "env_n",
      "sigma_n"
    ]
  },
  "timestamp": 1748132265.610448
}