{
  "csv_hash": "58bdff8f9a53fa6668003caa859dfd153b7ea37b04aad1d83dd820bdb9f4ab8a",
  "png_hash": "147e1099841261b0e885e651d18b2631f3add48120c17489feea6ee60daf387a",
  "config": {
    "system": {
      "N": 5,
      "T": 20.0,
      "dt": 0.05,
      "seed": 42
    },
    "spiral": {
      "phi": 1.618,
      "epsilon": 0.05,
      "omega": 0.1,
      "theta": 0.0
    },
    "strates": {
      "A0": [
        0.7621780831931537,
        1.1655000144869412,
        1.0123957592679835,
        0.9190609389379256,
        0.6092130483097056
      ],
      "f0": [
        0.3183923284706837,
        0.18131705703547923,
        1.3126466040849092,
        0.9415610164404923,
        1.0913016089144636
      ],
      "alpha": [
        0.1,
        0.1,
        0.1,
        0.1,
        0.1
      ],
      "beta": [
        0.052058449429580246,
        0.14699098521619944,
        0.13324426408004217,
        0.07123391106782762,
        0.06818249672071006
      ],
      "k": [
        2.0,
        2.0,
        2.0,
        2.0,
        2.0
      ],
      "x0": [
        0.5,
        0.5,
        0.5,
        0.5,
        0.5
      ],
      "w": [
        0.01,
        0.01,
        0.01,
        0.01,
        0.01
      ]
    },
    "lambda": 1.0,
    "to_calibrate": [
      "variance_d2S",
      "entropy_S",
      "gamma_n",
      "env_n",
      "sigma_n"
    ]
  },
  "timestamp": 1748139193.061579
}